node.exe : [2m9:38:57 am[22m [33m[1m[vite][22m[39m [33mwarning: `esbuild` option was specified by "vite:react-babel" plugin. This option is deprecated, please 
use `oxc` instead.[39m
At C:\Users\pasup\AppData\Roaming\npm\npx.ps1:24 char:5
+     & "node$exe"  "$basedir/node_modules/npm/bin/npx-cli.js" $args
+     ~~~~~~~~~~~~~~~~~~~~~~~~~~~~~~~~~~~~~~~~~~~~~~~~~~~~~~~~~~~~~~
    + CategoryInfo              : NotSpecifi    ed: ([2m9:38:57 a    m...` instead.[3    9m:String) [], Rem    oteException
    + FullyQualifiedEr    rorId : NativeComm    andError
 
[2m9:38:57 am[22m [33m[1m[vite][22m[39m [33mwarning: `optimizeDeps.esbuildOptions` option was specified by "vite:react-babel" plugin. This option is deprecated, 
please use `optimizeDeps.rolldownOptions` instead.[39m
[33mBoth esbuild and oxc options were set. oxc options will be used and esbuild options will be ignored.[39m The following esbuild options were set: `{ jsx: 
'automatic', jsxImportSource: undefined }`

[1m[46m RUN [49m[22m [36mv4.1.1 [39m[90mC:/sathish/developer-portfolio-main[39m

